Archive member included to satisfy reference by file (symbol)

/home/hdg/MDP/ToolChain/RISCV-RV64IMA/lib/gcc/riscv64-unknown-elf/10.1.0/libgcc.a(_clzsi2.o)
                              ./FreeRTOS_Source/tasks.o (__clzdi2)
/home/hdg/MDP/ToolChain/RISCV-RV64IMA/lib/gcc/riscv64-unknown-elf/10.1.0/libgcc.a(_clz.o)
                              /home/hdg/MDP/ToolChain/RISCV-RV64IMA/lib/gcc/riscv64-unknown-elf/10.1.0/libgcc.a(_clzsi2.o) (__clz_tab)
/home/hdg/MDP/ToolChain/RISCV-RV64IMA/lib/gcc/riscv64-unknown-elf/10.1.0/../../../../riscv64-unknown-elf/lib/libc.a(lib_a-memcmp.o)
                              ./full_demo/common_demo_tasks/MessageBufferDemo.o (memcmp)
/home/hdg/MDP/ToolChain/RISCV-RV64IMA/lib/gcc/riscv64-unknown-elf/10.1.0/../../../../riscv64-unknown-elf/lib/libc.a(lib_a-memcpy.o)
                              ./FreeRTOS_Source/queue.o (memcpy)
/home/hdg/MDP/ToolChain/RISCV-RV64IMA/lib/gcc/riscv64-unknown-elf/10.1.0/../../../../riscv64-unknown-elf/lib/libc.a(lib_a-memset.o)
                              ./full_demo/common_demo_tasks/MessageBufferDemo.o (memset)
/home/hdg/MDP/ToolChain/RISCV-RV64IMA/lib/gcc/riscv64-unknown-elf/10.1.0/../../../../riscv64-unknown-elf/lib/libc.a(lib_a-sprintf.o)
                              ./full_demo/common_demo_tasks/MessageBufferDemo.o (sprintf)
/home/hdg/MDP/ToolChain/RISCV-RV64IMA/lib/gcc/riscv64-unknown-elf/10.1.0/../../../../riscv64-unknown-elf/lib/libc.a(lib_a-strcmp.o)
                              ./full_demo/common_demo_tasks/MessageBufferDemo.o (strcmp)
/home/hdg/MDP/ToolChain/RISCV-RV64IMA/lib/gcc/riscv64-unknown-elf/10.1.0/../../../../riscv64-unknown-elf/lib/libc.a(lib_a-strlen.o)
                              ./full_demo/common_demo_tasks/MessageBufferDemo.o (strlen)
/home/hdg/MDP/ToolChain/RISCV-RV64IMA/lib/gcc/riscv64-unknown-elf/10.1.0/../../../../riscv64-unknown-elf/lib/libc.a(lib_a-svfprintf.o)
                              /home/hdg/MDP/ToolChain/RISCV-RV64IMA/lib/gcc/riscv64-unknown-elf/10.1.0/../../../../riscv64-unknown-elf/lib/libc.a(lib_a-sprintf.o) (_svfprintf_r)
/home/hdg/MDP/ToolChain/RISCV-RV64IMA/lib/gcc/riscv64-unknown-elf/10.1.0/../../../../riscv64-unknown-elf/lib/libc.a(lib_a-sysisatty.o)
                              ./Microsemi_Code/riscv_hal/syscall.o (isatty)
/home/hdg/MDP/ToolChain/RISCV-RV64IMA/lib/gcc/riscv64-unknown-elf/10.1.0/../../../../riscv64-unknown-elf/lib/libc.a(lib_a-syswrite.o)
                              ./Microsemi_Code/riscv_hal/syscall.o (write)
/home/hdg/MDP/ToolChain/RISCV-RV64IMA/lib/gcc/riscv64-unknown-elf/10.1.0/../../../../riscv64-unknown-elf/lib/libc.a(lib_a-writer.o)
                              /home/hdg/MDP/ToolChain/RISCV-RV64IMA/lib/gcc/riscv64-unknown-elf/10.1.0/../../../../riscv64-unknown-elf/lib/libc.a(lib_a-syswrite.o) (_write_r)
/home/hdg/MDP/ToolChain/RISCV-RV64IMA/lib/gcc/riscv64-unknown-elf/10.1.0/../../../../riscv64-unknown-elf/lib/libc.a(lib_a-freer.o)
                              /home/hdg/MDP/ToolChain/RISCV-RV64IMA/lib/gcc/riscv64-unknown-elf/10.1.0/../../../../riscv64-unknown-elf/lib/libc.a(lib_a-svfprintf.o) (_free_r)
/home/hdg/MDP/ToolChain/RISCV-RV64IMA/lib/gcc/riscv64-unknown-elf/10.1.0/../../../../riscv64-unknown-elf/lib/libc.a(lib_a-impure.o)
                              /home/hdg/MDP/ToolChain/RISCV-RV64IMA/lib/gcc/riscv64-unknown-elf/10.1.0/../../../../riscv64-unknown-elf/lib/libc.a(lib_a-sprintf.o) (_impure_ptr)
/home/hdg/MDP/ToolChain/RISCV-RV64IMA/lib/gcc/riscv64-unknown-elf/10.1.0/../../../../riscv64-unknown-elf/lib/libc.a(lib_a-ldtoa.o)
                              /home/hdg/MDP/ToolChain/RISCV-RV64IMA/lib/gcc/riscv64-unknown-elf/10.1.0/../../../../riscv64-unknown-elf/lib/libc.a(lib_a-svfprintf.o) (_ldtoa_r)
/home/hdg/MDP/ToolChain/RISCV-RV64IMA/lib/gcc/riscv64-unknown-elf/10.1.0/../../../../riscv64-unknown-elf/lib/libc.a(lib_a-localeconv.o)
                              /home/hdg/MDP/ToolChain/RISCV-RV64IMA/lib/gcc/riscv64-unknown-elf/10.1.0/../../../../riscv64-unknown-elf/lib/libc.a(lib_a-svfprintf.o) (_localeconv_r)
/home/hdg/MDP/ToolChain/RISCV-RV64IMA/lib/gcc/riscv64-unknown-elf/10.1.0/../../../../riscv64-unknown-elf/lib/libc.a(lib_a-locale.o)
                              /home/hdg/MDP/ToolChain/RISCV-RV64IMA/lib/gcc/riscv64-unknown-elf/10.1.0/../../../../riscv64-unknown-elf/lib/libc.a(lib_a-localeconv.o) (__global_locale)
/home/hdg/MDP/ToolChain/RISCV-RV64IMA/lib/gcc/riscv64-unknown-elf/10.1.0/../../../../riscv64-unknown-elf/lib/libc.a(lib_a-mallocr.o)
                              /home/hdg/MDP/ToolChain/RISCV-RV64IMA/lib/gcc/riscv64-unknown-elf/10.1.0/../../../../riscv64-unknown-elf/lib/libc.a(lib_a-svfprintf.o) (_malloc_r)
/home/hdg/MDP/ToolChain/RISCV-RV64IMA/lib/gcc/riscv64-unknown-elf/10.1.0/../../../../riscv64-unknown-elf/lib/libc.a(lib_a-mbtowc_r.o)
                              /home/hdg/MDP/ToolChain/RISCV-RV64IMA/lib/gcc/riscv64-unknown-elf/10.1.0/../../../../riscv64-unknown-elf/lib/libc.a(lib_a-locale.o) (__ascii_mbtowc)
[...]
Memory Configuration

Name             Origin             Length             Attributes
ram              0x0000000080000000 0x0000000040000000 xrw
*default*        0x0000000000000000 0xffffffffffffffff

Linker script and memory map

LOAD ./full_demo/common_demo_tasks/AbortDelay.o
LOAD ./full_demo/common_demo_tasks/EventGroupsDemo.o
LOAD ./full_demo/common_demo_tasks/GenQTest.o
LOAD ./full_demo/common_demo_tasks/MessageBufferDemo.o
LOAD ./full_demo/common_demo_tasks/StreamBufferDemo.o
LOAD ./full_demo/common_demo_tasks/StreamBufferInterrupt.o
LOAD ./full_demo/common_demo_tasks/TaskNotify.o
LOAD ./full_demo/common_demo_tasks/TimerDemo.o
LOAD ./full_demo/common_demo_tasks/blocktim.o
LOAD ./full_demo/common_demo_tasks/countsem.o
LOAD ./full_demo/common_demo_tasks/death.o
LOAD ./full_demo/common_demo_tasks/dynamic.o
LOAD ./full_demo/common_demo_tasks/recmutex.o
LOAD ./full_demo/RegTest.o
LOAD ./full_demo/main_full.o
LOAD ./blinky_demo/main_blinky.o
LOAD ./Microsemi_Code/riscv_hal/entry.o
LOAD ./Microsemi_Code/riscv_hal/init.o
LOAD ./Microsemi_Code/riscv_hal/riscv_hal.o
LOAD ./Microsemi_Code/riscv_hal/riscv_hal_stubs.o
LOAD ./Microsemi_Code/riscv_hal/syscall.o
LOAD ./Microsemi_Code/hal/hal_irq.o
LOAD ./Microsemi_Code/hal/hw_reg_access.o
LOAD ./Microsemi_Code/drivers/CoreUARTapb/uart.o
LOAD ./FreeRTOS_Source/portable/MemMang/heap_4.o
LOAD ./FreeRTOS_Source/portable/GCC/RISC-V/port.o
LOAD ./FreeRTOS_Source/portable/GCC/RISC-V/portASM.o
LOAD ./FreeRTOS_Source/event_groups.o
LOAD ./FreeRTOS_Source/list.o
LOAD ./FreeRTOS_Source/queue.o
LOAD ./FreeRTOS_Source/stream_buffer.o
LOAD ./FreeRTOS_Source/tasks.o
LOAD ./FreeRTOS_Source/timers.o
LOAD ./main.o
LOAD /home/hdg/MDP/ToolChain/RISCV-RV64IMA/lib/gcc/riscv64-unknown-elf/10.1.0/libgcc.a
START GROUP
LOAD /home/hdg/MDP/ToolChain/RISCV-RV64IMA/lib/gcc/riscv64-unknown-elf/10.1.0/../../../../riscv64-unknown-elf/lib/libc.a
LOAD /home/hdg/MDP/ToolChain/RISCV-RV64IMA/lib/gcc/riscv64-unknown-elf/10.1.0/../../../../riscv64-unknown-elf/lib/libgloss.a
END GROUP
LOAD /home/hdg/MDP/ToolChain/RISCV-RV64IMA/lib/gcc/riscv64-unknown-elf/10.1.0/libgcc.a
                0x0000000080000000                RAM_START_ADDRESS = 0x80000000
                0x0000000040000000                RAM_SIZE = 0x40000000
                0x00000000009ca000                STACK_SIZE = 0x9ca000
                0x00000000061ae000                HEAP_SIZE = 0x61ae000

.text           0x0000000080000000     0x4b80
 *(SORT_NONE(.text.entry))
 .text.entry    0x0000000080000000       0x40 ./Microsemi_Code/riscv_hal/entry.o
                0x0000000080000000                _start
                0x0000000080000040                . = ALIGN (0x10)
 *(.text .text.* .gnu.linkonce.t.*)
 .text.main_full
                0x0000000080000040       0xa0 ./full_demo/main_full.o
                0x0000000080000040                main_full
 .text.prvRegTestTaskEntry1
                0x00000000800000e0       0x2c ./full_demo/main_full.o
 .text.prvRegTestTaskEntry2
                0x000000008000010c       0x2c ./full_demo/main_full.o
 .text.External_30_IRQHandler
                0x0000000080000138       0x4c ./full_demo/main_full.o
                0x0000000080000138                External_30_IRQHandler
 .text.External_31_IRQHandler
                0x0000000080000184       0x3c ./full_demo/main_full.o
                0x0000000080000184                External_31_IRQHandler
 .text.copy_section
                0x00000000800001c0       0x64 ./Microsemi_Code/riscv_hal/init.o
 .text.zero_section
                0x0000000080000224       0x54 ./Microsemi_Code/riscv_hal/init.o
 .text._init    0x0000000080000278       0x9c ./Microsemi_Code/riscv_hal/init.o
                0x0000000080000278                _init
 .text._fini    0x0000000080000314       0x1c ./Microsemi_Code/riscv_hal/init.o
                0x0000000080000314                _fini
 .text.PLIC_DisableIRQ
                0x0000000080000330       0xec ./Microsemi_Code/riscv_hal/riscv_hal.o
 .text.PLIC_ClaimIRQ
                0x000000008000041c       0x4c ./Microsemi_Code/riscv_hal/riscv_hal.o
 .text.PLIC_CompleteIRQ
                0x0000000080000468       0x54 ./Microsemi_Code/riscv_hal/riscv_hal.o
 .text.handle_m_ext_interrupt
                0x00000000800004bc       0x80 ./Microsemi_Code/riscv_hal/riscv_hal.o
                0x00000000800004bc                handle_m_ext_interrupt
 .text.Invalid_IRQHandler
                0x000000008000053c       0x20 ./Microsemi_Code/riscv_hal/riscv_hal_stubs.o
                0x000000008000053c                Invalid_IRQHandler
 .text.External_1_IRQHandler
                0x000000008000055c       0x20 ./Microsemi_Code/riscv_hal/riscv_hal_stubs.o
                0x000000008000055c                External_1_IRQHandler
 .text.External_2_IRQHandler
                0x000000008000057c       0x20 ./Microsemi_Code/riscv_hal/riscv_hal_stubs.o
                0x000000008000057c                External_2_IRQHandler
 .text.External_3_IRQHandler
                0x000000008000059c       0x20 ./Microsemi_Code/riscv_hal/riscv_hal_stubs.o
                0x000000008000059c                External_3_IRQHandler
 .text.External_4_IRQHandler
                0x00000000800005bc       0x20 ./Microsemi_Code/riscv_hal/riscv_hal_stubs.o
                0x00000000800005bc                External_4_IRQHandler
 .text.External_5_IRQHandler
                0x00000000800005dc       0x20 ./Microsemi_Code/riscv_hal/riscv_hal_stubs.o
                0x00000000800005dc                External_5_IRQHandler
 .text.External_6_IRQHandler
                0x00000000800005fc       0x20 ./Microsemi_Code/riscv_hal/riscv_hal_stubs.o
                0x00000000800005fc                External_6_IRQHandler
 .text.External_7_IRQHandler
                0x000000008000061c       0x20 ./Microsemi_Code/riscv_hal/riscv_hal_stubs.o
                0x000000008000061c                External_7_IRQHandler
 .text.External_8_IRQHandler
                0x000000008000063c       0x20 ./Microsemi_Code/riscv_hal/riscv_hal_stubs.o
                0x000000008000063c                External_8_IRQHandler
 .text.External_9_IRQHandler
                0x000000008000065c       0x20 ./Microsemi_Code/riscv_hal/riscv_hal_stubs.o
                0x000000008000065c                External_9_IRQHandler
 .text.External_10_IRQHandler
                0x000000008000067c       0x20 ./Microsemi_Code/riscv_hal/riscv_hal_stubs.o
                0x000000008000067c                External_10_IRQHandler
 .text.External_11_IRQHandler
                0x000000008000069c       0x20 ./Microsemi_Code/riscv_hal/riscv_hal_stubs.o
                0x000000008000069c                External_11_IRQHandler
 .text.External_12_IRQHandler
                0x00000000800006bc       0x20 ./Microsemi_Code/riscv_hal/riscv_hal_stubs.o
                0x00000000800006bc                External_12_IRQHandler
 .text.External_13_IRQHandler
                0x00000000800006dc       0x20 ./Microsemi_Code/riscv_hal/riscv_hal_stubs.o
                0x00000000800006dc                External_13_IRQHandler
 .text.External_14_IRQHandler
                0x00000000800006fc       0x20 ./Microsemi_Code/riscv_hal/riscv_hal_stubs.o
                0x00000000800006fc                External_14_IRQHandler
 .text.External_15_IRQHandler
                0x000000008000071c       0x20 ./Microsemi_Code/riscv_hal/riscv_hal_stubs.o
                0x000000008000071c                External_15_IRQHandler
 .text.External_16_IRQHandler
                0x000000008000073c       0x20 ./Microsemi_Code/riscv_hal/riscv_hal_stubs.o
                0x000000008000073c                External_16_IRQHandler
 .text.External_17_IRQHandler
                0x000000008000075c       0x20 ./Microsemi_Code/riscv_hal/riscv_hal_stubs.o
                0x000000008000075c                External_17_IRQHandler
 .text.External_18_IRQHandler
                0x000000008000077c       0x20 ./Microsemi_Code/riscv_hal/riscv_hal_stubs.o
                0x000000008000077c                External_18_IRQHandler
 .text.External_19_IRQHandler
                0x000000008000079c       0x20 ./Microsemi_Code/riscv_hal/riscv_hal_stubs.o
                0x000000008000079c                External_19_IRQHandler
 .text.External_20_IRQHandler
                0x00000000800007bc       0x20 ./Microsemi_Code/riscv_hal/riscv_hal_stubs.o
                0x00000000800007bc                External_20_IRQHandler
 .text.External_21_IRQHandler
                0x00000000800007dc       0x20 ./Microsemi_Code/riscv_hal/riscv_hal_stubs.o
                0x00000000800007dc                External_21_IRQHandler
 .text.External_22_IRQHandler
                0x00000000800007fc       0x20 ./Microsemi_Code/riscv_hal/riscv_hal_stubs.o
                0x00000000800007fc                External_22_IRQHandler
 .text.External_23_IRQHandler
                0x000000008000081c       0x20 ./Microsemi_Code/riscv_hal/riscv_hal_stubs.o
                0x000000008000081c                External_23_IRQHandler
 .text.External_24_IRQHandler
                0x000000008000083c       0x20 ./Microsemi_Code/riscv_hal/riscv_hal_stubs.o
                0x000000008000083c                External_24_IRQHandler
 .text.External_25_IRQHandler
                0x000000008000085c       0x20 ./Microsemi_Code/riscv_hal/riscv_hal_stubs.o
                0x000000008000085c                External_25_IRQHandler
 .text.External_26_IRQHandler
                0x000000008000087c       0x20 ./Microsemi_Code/riscv_hal/riscv_hal_stubs.o
                0x000000008000087c                External_26_IRQHandler
 .text.External_27_IRQHandler
                0x000000008000089c       0x20 ./Microsemi_Code/riscv_hal/riscv_hal_stubs.o
                0x000000008000089c                External_27_IRQHandler
 .text.External_28_IRQHandler
                0x00000000800008bc       0x20 ./Microsemi_Code/riscv_hal/riscv_hal_stubs.o
                0x00000000800008bc                External_28_IRQHandler
 .text.External_29_IRQHandler
                0x00000000800008dc       0x20 ./Microsemi_Code/riscv_hal/riscv_hal_stubs.o
                0x00000000800008dc                External_29_IRQHandler
 .text.Transmit_uart
                0x00000000800008fc       0x58 ./Microsemi_Code/drivers/CoreUARTapb/uart.o
                0x00000000800008fc                Transmit_uart
 .text.Tx_uart  0x0000000080000954       0x74 ./Microsemi_Code/drivers/CoreUARTapb/uart.o
                0x0000000080000954                Tx_uart
 .text.pvPortMalloc
                0x00000000800009c8      0x23c ./FreeRTOS_Source/portable/MemMang/heap_4.o
                0x00000000800009c8                pvPortMalloc
 .text.vPortFree
                0x0000000080000c04      0x100 ./FreeRTOS_Source/portable/MemMang/heap_4.o
                0x0000000080000c04                vPortFree
 .text.prvHeapInit
                0x0000000080000d04      0x140 ./FreeRTOS_Source/portable/MemMang/heap_4.o
 .text.prvInsertBlockIntoFreeList
                0x0000000080000e44      0x13c ./FreeRTOS_Source/portable/MemMang/heap_4.o
 .text.vPortSetupTimerInterrupt
                0x0000000080000f80       0x9c ./FreeRTOS_Source/portable/GCC/RISC-V/port.o
                0x0000000080000f80                vPortSetupTimerInterrupt
 .text.xPortStartScheduler
                0x000000008000101c       0x8c ./FreeRTOS_Source/portable/GCC/RISC-V/port.o
                0x000000008000101c                xPortStartScheduler
 *fill*         0x00000000800010a8       0x58 
 .text          0x0000000080001100      0x3ac ./FreeRTOS_Source/portable/GCC/RISC-V/portASM.o
                0x0000000080001100                freertos_risc_v_trap_handler
                0x0000000080001300                xPortStartFirstTask
                0x0000000080001400                pxPortInitialiseStack
 .text.vListInitialise
                0x00000000800014ac       0x64 ./FreeRTOS_Source/list.o
                0x00000000800014ac                vListInitialise
 .text.vListInitialiseItem
                0x0000000080001510       0x28 ./FreeRTOS_Source/list.o
                0x0000000080001510                vListInitialiseItem
 .text.vListInsertEnd
                0x0000000080001538       0x88 ./FreeRTOS_Source/list.o
                0x0000000080001538                vListInsertEnd
 .text.vListInsert
                0x00000000800015c0       0xd4 ./FreeRTOS_Source/list.o
                0x00000000800015c0                vListInsert
 .text.uxListRemove
                0x0000000080001694       0x98 ./FreeRTOS_Source/list.o
                0x0000000080001694                uxListRemove
 .text.xQueueGenericReset
                0x000000008000172c      0x12c ./FreeRTOS_Source/queue.o
                0x000000008000172c                xQueueGenericReset
 .text.xQueueGenericCreate
                0x0000000080001858       0xb8 ./FreeRTOS_Source/queue.o
                0x0000000080001858                xQueueGenericCreate
 .text.prvInitialiseNewQueue
                0x0000000080001910       0x84 ./FreeRTOS_Source/queue.o
 .text.xQueueGenericSend
                0x0000000080001994      0x270 ./FreeRTOS_Source/queue.o
                0x0000000080001994                xQueueGenericSend
 .text.xQueueGenericSendFromISR
                0x0000000080001c04      0x174 ./FreeRTOS_Source/queue.o
                0x0000000080001c04                xQueueGenericSendFromISR
 .text.xQueueReceive
                0x0000000080001d78      0x230 ./FreeRTOS_Source/queue.o
                0x0000000080001d78                xQueueReceive
 .text.prvCopyDataToQueue
                0x0000000080001fa8      0x18c ./FreeRTOS_Source/queue.o
 .text.prvCopyDataFromQueue
                0x0000000080002134       0x98 ./FreeRTOS_Source/queue.o
 .text.prvUnlockQueue
                0x00000000800021cc      0x110 ./FreeRTOS_Source/queue.o
 .text.prvIsQueueEmpty
                0x00000000800022dc       0x50 ./FreeRTOS_Source/queue.o
 .text.prvIsQueueFull
                0x000000008000232c       0x58 ./FreeRTOS_Source/queue.o
 .text.vQueueAddToRegistry
                0x0000000080002384       0xa0 ./FreeRTOS_Source/queue.o
                0x0000000080002384                vQueueAddToRegistry
 .text.vQueueWaitForMessageRestricted
                0x0000000080002424       0xb4 ./FreeRTOS_Source/queue.o
                0x0000000080002424                vQueueWaitForMessageRestricted
 .text.xTaskCreate
                0x00000000800024d8       0xe0 ./FreeRTOS_Source/tasks.o
                0x00000000800024d8                xTaskCreate
 .text.prvInitialiseNewTask
                0x00000000800025b8      0x1fc ./FreeRTOS_Source/tasks.o
 .text.prvAddNewTaskToReadyList
                0x00000000800027b4      0x144 ./FreeRTOS_Source/tasks.o
 .text.vTaskDelay
                0x00000000800028f8       0x70 ./FreeRTOS_Source/tasks.o
                0x00000000800028f8                vTaskDelay
 .text.vTaskStartScheduler
                0x0000000080002968       0xb0 ./FreeRTOS_Source/tasks.o
                0x0000000080002968                vTaskStartScheduler
 .text.vTaskSuspendAll
                0x0000000080002a18       0x30 ./FreeRTOS_Source/tasks.o
                0x0000000080002a18                vTaskSuspendAll
 .text.xTaskResumeAll
                0x0000000080002a48      0x1b8 ./FreeRTOS_Source/tasks.o
                0x0000000080002a48                xTaskResumeAll
 .text.xTaskGetTickCount
                0x0000000080002c00       0x2c ./FreeRTOS_Source/tasks.o
                0x0000000080002c00                xTaskGetTickCount
 .text.xTaskIncrementTick
                0x0000000080002c2c      0x240 ./FreeRTOS_Source/tasks.o
                0x0000000080002c2c                xTaskIncrementTick
 .text.vTaskSwitchContext
                0x0000000080002e6c      0x1c8 ./FreeRTOS_Source/tasks.o
                0x0000000080002e6c                vTaskSwitchContext
 .text.vTaskPlaceOnEventList
                0x0000000080003034       0x64 ./FreeRTOS_Source/tasks.o
                0x0000000080003034                vTaskPlaceOnEventList
 .text.vTaskPlaceOnEventListRestricted
                0x0000000080003098       0x78 ./FreeRTOS_Source/tasks.o
                0x0000000080003098                vTaskPlaceOnEventListRestricted
 .text.xTaskRemoveFromEventList
                0x0000000080003110      0x130 ./FreeRTOS_Source/tasks.o
                0x0000000080003110                xTaskRemoveFromEventList
 .text.vTaskInternalSetTimeOutState
                0x0000000080003240       0x40 ./FreeRTOS_Source/tasks.o
                0x0000000080003240                vTaskInternalSetTimeOutState
 .text.xTaskCheckForTimeOut
                0x0000000080003280      0x138 ./FreeRTOS_Source/tasks.o
                0x0000000080003280                xTaskCheckForTimeOut
 .text.vTaskMissedYield
                0x00000000800033b8       0x28 ./FreeRTOS_Source/tasks.o
                0x00000000800033b8                vTaskMissedYield
 .text.prvIdleTask
                0x00000000800033e0       0x20 ./FreeRTOS_Source/tasks.o
 .text.prvInitialiseTaskLists
                0x0000000080003400       0xc8 ./FreeRTOS_Source/tasks.o
 .text.prvCheckTasksWaitingTermination
                0x00000000800034c8       0x94 ./FreeRTOS_Source/tasks.o
 .text.prvDeleteTCB
                0x000000008000355c       0x40 ./FreeRTOS_Source/tasks.o
 .text.prvResetNextTaskUnblockTime
                0x000000008000359c       0x60 ./FreeRTOS_Source/tasks.o
 .text.xTaskGetSchedulerState
                0x00000000800035fc       0x54 ./FreeRTOS_Source/tasks.o
                0x00000000800035fc                xTaskGetSchedulerState
 .text.xTaskPriorityDisinherit
                0x0000000080003650      0x1b0 ./FreeRTOS_Source/tasks.o
                0x0000000080003650                xTaskPriorityDisinherit
 .text.vTaskEnterCritical
                0x0000000080003800       0x48 ./FreeRTOS_Source/tasks.o
                0x0000000080003800                vTaskEnterCritical
 .text.vTaskExitCritical
                0x0000000080003848       0x60 ./FreeRTOS_Source/tasks.o
                0x0000000080003848                vTaskExitCritical
 .text.prvAddCurrentTaskToDelayedList
                0x00000000800038a8      0x154 ./FreeRTOS_Source/tasks.o
 .text.xTimerCreateTimerTask
                0x00000000800039fc       0x78 ./FreeRTOS_Source/timers.o
                0x00000000800039fc                xTimerCreateTimerTask
 .text.xTimerGenericCommand
                0x0000000080003a74      0x108 ./FreeRTOS_Source/timers.o
                0x0000000080003a74                xTimerGenericCommand
 .text.prvProcessExpiredTimer
                0x0000000080003b7c       0xec ./FreeRTOS_Source/timers.o
 .text.prvTimerTask
                0x0000000080003c68       0x3c ./FreeRTOS_Source/timers.o
 .text.prvProcessTimerOrBlockTask
                0x0000000080003ca4       0xd4 ./FreeRTOS_Source/timers.o
 .text.prvGetNextExpireTime
                0x0000000080003d78       0x70 ./FreeRTOS_Source/timers.o
 .text.prvSampleTimeNow
                0x0000000080003de8       0x6c ./FreeRTOS_Source/timers.o
 .text.prvInsertTimerInActiveList
                0x0000000080003e54       0xe4 ./FreeRTOS_Source/timers.o
 .text.prvProcessReceivedCommands
                0x0000000080003f38      0x280 ./FreeRTOS_Source/timers.o
 .text.prvSwitchTimerLists
                0x00000000800041b8      0x148 ./FreeRTOS_Source/timers.o
 .text.prvCheckForValidListAndQueue
                0x0000000080004300       0xb0 ./FreeRTOS_Source/timers.o
 .text.main     0x00000000800043b0       0x54 ./main.o
                0x00000000800043b0                main
 .text.prvSetupHardware
                0x0000000080004404       0x30 ./main.o
 .text.vSendString
                0x0000000080004434       0x30 ./main.o
                0x0000000080004434                vSendString
 .text.vApplicationMallocFailedHook
                0x0000000080004464       0x18 ./main.o
                0x0000000080004464                vApplicationMallocFailedHook
 .text.vApplicationIdleHook
                0x000000008000447c       0x1c ./main.o
                0x000000008000447c                vApplicationIdleHook
 .text.vApplicationStackOverflowHook
                0x0000000080004498       0x20 ./main.o
                0x0000000080004498                vApplicationStackOverflowHook
 .text          0x00000000800044b8       0x3c /home/hdg/MDP/ToolChain/RISCV-RV64IMA/lib/gcc/riscv64-unknown-elf/10.1.0/libgcc.a(_clzsi2.o)
                0x00000000800044b8                __clzdi2
 .text          0x00000000800044f4      0x11c /home/hdg/MDP/ToolChain/RISCV-RV64IMA/lib/gcc/riscv64-unknown-elf/10.1.0/../../../../riscv64-unknown-elf/lib/libc.a(lib_a-memcpy.o)
                0x00000000800044f4                memcpy
 .text          0x0000000080004610       0xdc /home/hdg/MDP/ToolChain/RISCV-RV64IMA/lib/gcc/riscv64-unknown-elf/10.1.0/../../../../riscv64-unknown-elf/lib/libc.a(lib_a-memset.o)
                0x0000000080004610                memset
 *(.plt)
                0x00000000800046f0                . = ALIGN (0x10)
 *fill*         0x00000000800046ec        0x4 
 *crtbegin.o(.ctors)
 *(EXCLUDE_FILE(*crtend.o) .ctors)
 *(SORT_BY_NAME(.ctors.*))
 *crtend.o(.ctors)
 *crtbegin.o(.dtors)
 *(EXCLUDE_FILE(*crtend.o) .dtors)
 *(SORT_BY_NAME(.dtors.*))
 *crtend.o(.dtors)
 *(.rodata .rodata.* .gnu.linkonce.r.*)
 .rodata        0x00000000800046f0      0x2d3 ./full_demo/main_full.o
 *fill*         0x00000000800049c3        0x5 
 .rodata        0x00000000800049c8        0x6 ./Microsemi_Code/riscv_hal/init.o
 *fill*         0x00000000800049ce        0x2 
 .rodata        0x00000000800049d0        0x5 ./FreeRTOS_Source/tasks.o
 *fill*         0x00000000800049d5        0x3 
 .rodata        0x00000000800049d8        0xd ./FreeRTOS_Source/timers.o
 *fill*         0x00000000800049e5        0x3 
 .rodata.prvProcessReceivedCommands
                0x00000000800049e8       0x28 ./FreeRTOS_Source/timers.o
 .rodata        0x0000000080004a10       0x63 ./main.o
 *fill*         0x0000000080004a73        0x5 
 .rodata        0x0000000080004a78      0x100 /home/hdg/MDP/ToolChain/RISCV-RV64IMA/lib/gcc/riscv64-unknown-elf/10.1.0/libgcc.a(_clz.o)
                0x0000000080004a78                __clz_tab
 *(.gcc_except_table)
 *(.eh_frame_hdr)
 *(.eh_frame)
 *(.init)
 *(.fini)
                [!provide]                        PROVIDE (__preinit_array_start = .)
 *(.preinit_array)
                [!provide]                        PROVIDE (__preinit_array_end = .)
                [!provide]                        PROVIDE (__init_array_start = .)
 *(SORT_BY_NAME(.init_array.*))
 *(.init_array)
                [!provide]                        PROVIDE (__init_array_end = .)
                [!provide]                        PROVIDE (__fini_array_start = .)
 *(.fini_array)
 *(SORT_BY_NAME(.fini_array.*))
                [!provide]                        PROVIDE (__fini_array_end = .)
                0x0000000080004b80                . = ALIGN (0x10)
 *fill*         0x0000000080004b78        0x8 

.rela.dyn       0x0000000080004b80        0x0
 .rela.text.entry
                0x0000000080004b80        0x0 ./full_demo/main_full.o
 .rela.text._init
                0x0000000080004b80        0x0 ./full_demo/main_full.o
 .rela.data.ext_irq_handler_table
                0x0000000080004b80        0x0 ./full_demo/main_full.o
 .rela.srodata.xISRStackTop
                0x0000000080004b80        0x0 ./full_demo/main_full.o
 .rela.text.xPortStartScheduler
                0x0000000080004b80        0x0 ./full_demo/main_full.o

.sdata          0x0000000080004b80       0x20
                0x0000000080004b80                __sdata_load = LOADADDR (.sdata)
                0x0000000080004b80                __sdata_start = .
                0x0000000080005380                PROVIDE (__global_pointer$ = (. + 0x800))
 *(.srodata.cst16)
 *(.srodata.cst8)
 *(.srodata.cst4)
 *(.srodata.cst2)
 *(.srodata*)
 .srodata.xISRStackTop
                0x0000000080004b80        0x8 ./FreeRTOS_Source/portable/GCC/RISC-V/port.o
                0x0000000080004b80                xISRStackTop
 .srodata.uxTimerIncrementsForOneTick
                0x0000000080004b88        0x8 ./FreeRTOS_Source/portable/GCC/RISC-V/port.o
                0x0000000080004b88                uxTimerIncrementsForOneTick
 .srodata.pullMachineTimerCompareRegister
                0x0000000080004b90        0x8 ./FreeRTOS_Source/portable/GCC/RISC-V/port.o
                0x0000000080004b90                pullMachineTimerCompareRegister
 *(.sdata .sdata.* .gnu.linkonce.s.*)
 .sdata.pullNextTime
                0x0000000080004b98        0x8 ./FreeRTOS_Source/portable/GCC/RISC-V/port.o
                0x0000000080004b98                pullNextTime
                0x0000000080004ba0                . = ALIGN (0x10)
                0x0000000080004ba0                __sdata_end = .

.data           0x0000000080004ba0      0x100
                0x0000000080004ba0                __data_load = LOADADDR (.data)
                0x0000000080004ba0                __data_start = .
 *(.got.plt)
 *(.got)
 *(.shdata)
 *(.data .data.* .gnu.linkonce.d.*)
 .data.ext_irq_handler_table
                0x0000000080004ba0      0x100 ./Microsemi_Code/riscv_hal/riscv_hal.o
                0x0000000080004ba0                ext_irq_handler_table
                0x0000000080004ca0                . = ALIGN (0x10)
                0x0000000080004ca0                __data_end = .

.sbss           0x0000000080004ca0       0xd0
                0x0000000080004ca0                __sbss_start = .
 *(.sbss .sbss.* .gnu.linkonce.sb.*)
 .sbss.ulTimer0Interrupts
                0x0000000080004ca0        0x4 ./full_demo/main_full.o
                0x0000000080004ca0                ulTimer0Interrupts
 .sbss.ulTimer1Interrupts
                0x0000000080004ca4        0x4 ./full_demo/main_full.o
                0x0000000080004ca4                ulTimer1Interrupts
 .sbss.pxEnd    0x0000000080004ca8        0x8 ./FreeRTOS_Source/portable/MemMang/heap_4.o
 .sbss.xFreeBytesRemaining
                0x0000000080004cb0        0x8 ./FreeRTOS_Source/portable/MemMang/heap_4.o
 .sbss.xMinimumEverFreeBytesRemaining
                0x0000000080004cb8        0x8 ./FreeRTOS_Source/portable/MemMang/heap_4.o
 .sbss.xBlockAllocatedBit
                0x0000000080004cc0        0x8 ./FreeRTOS_Source/portable/MemMang/heap_4.o
 .sbss.ullNextTime
                0x0000000080004cc8        0x8 ./FreeRTOS_Source/portable/GCC/RISC-V/port.o
                0x0000000080004cc8                ullNextTime
 .sbss.pxCurrentTCB
                0x0000000080004cd0        0x8 ./FreeRTOS_Source/tasks.o
                0x0000000080004cd0                pxCurrentTCB
 .sbss.pxDelayedTaskList
                0x0000000080004cd8        0x8 ./FreeRTOS_Source/tasks.o
 .sbss.pxOverflowDelayedTaskList
                0x0000000080004ce0        0x8 ./FreeRTOS_Source/tasks.o
 .sbss.uxDeletedTasksWaitingCleanUp
                0x0000000080004ce8        0x8 ./FreeRTOS_Source/tasks.o
 .sbss.uxCurrentNumberOfTasks
                0x0000000080004cf0        0x8 ./FreeRTOS_Source/tasks.o
 .sbss.xTickCount
                0x0000000080004cf8        0x8 ./FreeRTOS_Source/tasks.o
 .sbss.uxTopReadyPriority
                0x0000000080004d00        0x8 ./FreeRTOS_Source/tasks.o
 .sbss.xSchedulerRunning
                0x0000000080004d08        0x8 ./FreeRTOS_Source/tasks.o
 .sbss.uxPendedTicks
                0x0000000080004d10        0x8 ./FreeRTOS_Source/tasks.o
 .sbss.xYieldPending
                0x0000000080004d18        0x8 ./FreeRTOS_Source/tasks.o
 .sbss.xNumOfOverflows
                0x0000000080004d20        0x8 ./FreeRTOS_Source/tasks.o
 .sbss.uxTaskNumber
                0x0000000080004d28        0x8 ./FreeRTOS_Source/tasks.o
 .sbss.xNextTaskUnblockTime
                0x0000000080004d30        0x8 ./FreeRTOS_Source/tasks.o
 .sbss.xIdleTaskHandle
                0x0000000080004d38        0x8 ./FreeRTOS_Source/tasks.o
 .sbss.uxSchedulerSuspended
                0x0000000080004d40        0x8 ./FreeRTOS_Source/tasks.o
 .sbss.pxCurrentTimerList
                0x0000000080004d48        0x8 ./FreeRTOS_Source/timers.o
 .sbss.pxOverflowTimerList
                0x0000000080004d50        0x8 ./FreeRTOS_Source/timers.o
 .sbss.xTimerQueue
                0x0000000080004d58        0x8 ./FreeRTOS_Source/timers.o
 .sbss.xTimerTaskHandle
                0x0000000080004d60        0x8 ./FreeRTOS_Source/timers.o
 .sbss.xLastTime.0
                0x0000000080004d68        0x8 ./FreeRTOS_Source/timers.o
 *(.scommon)
                0x0000000080004d70                . = ALIGN (0x10)
                0x0000000080004d70                __sbss_end = .

.bss            0x0000000080004d70   0x100270
                0x0000000080004d70                __bss_start = .
 *(.shbss)
 *(.bss .bss.* .gnu.linkonce.b.*)
 .bss.ucHeap    0x0000000080004d70   0x100000 ./FreeRTOS_Source/portable/MemMang/heap_4.o
 .bss.xStart    0x0000000080104d70       0x10 ./FreeRTOS_Source/portable/MemMang/heap_4.o
 .bss.xQueueRegistry
                0x0000000080104d80       0x80 ./FreeRTOS_Source/queue.o
                0x0000000080104d80                xQueueRegistry
 .bss.pxReadyTasksLists
                0x0000000080104e00       0xc8 ./FreeRTOS_Source/tasks.o
 .bss.xDelayedTaskList1
                0x0000000080104ec8       0x28 ./FreeRTOS_Source/tasks.o
 .bss.xDelayedTaskList2
                0x0000000080104ef0       0x28 ./FreeRTOS_Source/tasks.o
 .bss.xPendingReadyList
                0x0000000080104f18       0x28 ./FreeRTOS_Source/tasks.o
 .bss.xTasksWaitingTermination
                0x0000000080104f40       0x28 ./FreeRTOS_Source/tasks.o
 .bss.xSuspendedTaskList
                0x0000000080104f68       0x28 ./FreeRTOS_Source/tasks.o
 .bss.xActiveTimerList1
                0x0000000080104f90       0x28 ./FreeRTOS_Source/timers.o
 .bss.xActiveTimerList2
                0x0000000080104fb8       0x28 ./FreeRTOS_Source/timers.o
 *(COMMON)
                0x0000000080104fe0                . = ALIGN (0x10)
                0x0000000080104fe0                __bss_end = .
                0x0000000080104fe0                _end = .

.heap           0x0000000080104fe0  0x61ae000
                0x0000000080104fe0                __heap_start = .
                0x00000000862b2fe0                . = (. + HEAP_SIZE)
 *fill*         0x0000000080104fe0  0x61ae000 
                0x00000000862b2fe0                __heap_end = .
                0x00000000862b2fe0                . = ALIGN (0x10)
                0x00000000862b2fe0                _heap_end = __heap_end

.stack          0x00000000862b2fe0   0x9ca000
                0x00000000862b2fe0                __stack_bottom = .
                0x0000000086c7cfe0                . = (. + STACK_SIZE)
 *fill*         0x00000000862b2fe0   0x9ca000 
                0x0000000086c7cfe0                __stack_top = .
                0x0000000086c7cfe0                _sp = .
                0x0000000086c7cfe0                __freertos_irq_stack_top = .
OUTPUT(RTOSDemo.elf elf64-littleriscv)

.debug_info     0x0000000000000000     0x5a3c
 .debug_info    0x0000000000000000      0x3b3 ./full_demo/main_full.o
 .debug_info    0x00000000000003b3       0x2e ./Microsemi_Code/riscv_hal/entry.o
 .debug_info    0x00000000000003e1      0x23e ./Microsemi_Code/riscv_hal/init.o
 .debug_info    0x000000000000061f      0x49c ./Microsemi_Code/riscv_hal/riscv_hal.o
 .debug_info    0x0000000000000abb      0x480 ./Microsemi_Code/riscv_hal/riscv_hal_stubs.o
 .debug_info    0x0000000000000f3b      0x497 ./Microsemi_Code/drivers/CoreUARTapb/uart.o
 .debug_info    0x00000000000013d2      0x375 ./FreeRTOS_Source/portable/MemMang/heap_4.o
 .debug_info    0x0000000000001747      0x23d ./FreeRTOS_Source/portable/GCC/RISC-V/port.o
 .debug_info    0x0000000000001984       0x2e ./FreeRTOS_Source/portable/GCC/RISC-V/portASM.o
 .debug_info    0x00000000000019b2      0x2f6 ./FreeRTOS_Source/list.o
 .debug_info    0x0000000000001ca8     0x1281 ./FreeRTOS_Source/queue.o
 .debug_info    0x0000000000002f29     0x1a19 ./FreeRTOS_Source/tasks.o
 .debug_info    0x0000000000004942      0xceb ./FreeRTOS_Source/timers.o
 .debug_info    0x000000000000562d      0x1c4 ./main.o
 .debug_info    0x00000000000057f1      0x162 /home/hdg/MDP/ToolChain/RISCV-RV64IMA/lib/gcc/riscv64-unknown-elf/10.1.0/libgcc.a(_clzsi2.o)
 .debug_info    0x0000000000005953       0xe9 /home/hdg/MDP/ToolChain/RISCV-RV64IMA/lib/gcc/riscv64-unknown-elf/10.1.0/libgcc.a(_clz.o)

.debug_abbrev   0x0000000000000000     0x1367
 .debug_abbrev  0x0000000000000000      0x1c8 ./full_demo/main_full.o
 .debug_abbrev  0x00000000000001c8       0x14 ./Microsemi_Code/riscv_hal/entry.o
 .debug_abbrev  0x00000000000001dc      0x128 ./Microsemi_Code/riscv_hal/init.o
 .debug_abbrev  0x0000000000000304      0x19b ./Microsemi_Code/riscv_hal/riscv_hal.o
 .debug_abbrev  0x000000000000049f       0x8c ./Microsemi_Code/riscv_hal/riscv_hal_stubs.o
 .debug_abbrev  0x000000000000052b      0x1d4 ./Microsemi_Code/drivers/CoreUARTapb/uart.o
 .debug_abbrev  0x00000000000006ff      0x191 ./FreeRTOS_Source/portable/MemMang/heap_4.o
 .debug_abbrev  0x0000000000000890      0x106 ./FreeRTOS_Source/portable/GCC/RISC-V/port.o
 .debug_abbrev  0x0000000000000996       0x14 ./FreeRTOS_Source/portable/GCC/RISC-V/portASM.o
 .debug_abbrev  0x00000000000009aa       0xf2 ./FreeRTOS_Source/list.o
 .debug_abbrev  0x0000000000000a9c      0x218 ./FreeRTOS_Source/queue.o
 .debug_abbrev  0x0000000000000cb4      0x277 ./FreeRTOS_Source/tasks.o
 .debug_abbrev  0x0000000000000f2b      0x1fa ./FreeRTOS_Source/timers.o
 .debug_abbrev  0x0000000000001125      0x108 ./main.o
 .debug_abbrev  0x000000000000122d       0xca /home/hdg/MDP/ToolChain/RISCV-RV64IMA/lib/gcc/riscv64-unknown-elf/10.1.0/libgcc.a(_clzsi2.o)
 .debug_abbrev  0x00000000000012f7       0x70 /home/hdg/MDP/ToolChain/RISCV-RV64IMA/lib/gcc/riscv64-unknown-elf/10.1.0/libgcc.a(_clz.o)

.debug_aranges  0x0000000000000000      0xec0
 .debug_aranges
                0x0000000000000000       0xa0 ./full_demo/main_full.o
 .debug_aranges
                0x00000000000000a0       0x30 ./Microsemi_Code/riscv_hal/entry.o
 .debug_aranges
                0x00000000000000d0       0x60 ./Microsemi_Code/riscv_hal/init.o
 .debug_aranges
                0x0000000000000130       0x60 ./Microsemi_Code/riscv_hal/riscv_hal.o
 .debug_aranges
                0x0000000000000190      0x240 ./Microsemi_Code/riscv_hal/riscv_hal_stubs.o
 .debug_aranges
                0x00000000000003d0      0x100 ./Microsemi_Code/drivers/CoreUARTapb/uart.o
 .debug_aranges
                0x00000000000004d0       0x90 ./FreeRTOS_Source/portable/MemMang/heap_4.o
 .debug_aranges
                0x0000000000000560       0x50 ./FreeRTOS_Source/portable/GCC/RISC-V/port.o
 .debug_aranges
                0x00000000000005b0       0x30 ./FreeRTOS_Source/portable/GCC/RISC-V/portASM.o
 .debug_aranges
                0x00000000000005e0       0x70 ./FreeRTOS_Source/list.o
 .debug_aranges
                0x0000000000000650      0x240 ./FreeRTOS_Source/queue.o
 .debug_aranges
                0x0000000000000890      0x3b0 ./FreeRTOS_Source/tasks.o
 .debug_aranges
                0x0000000000000c40      0x190 ./FreeRTOS_Source/timers.o
 .debug_aranges
                0x0000000000000dd0       0xa0 ./main.o
 .debug_aranges
                0x0000000000000e70       0x30 /home/hdg/MDP/ToolChain/RISCV-RV64IMA/lib/gcc/riscv64-unknown-elf/10.1.0/libgcc.a(_clzsi2.o)
 .debug_aranges
                0x0000000000000ea0       0x20 /home/hdg/MDP/ToolChain/RISCV-RV64IMA/lib/gcc/riscv64-unknown-elf/10.1.0/libgcc.a(_clz.o)

.debug_ranges   0x0000000000000000      0xd80
 .debug_ranges  0x0000000000000000       0x90 ./full_demo/main_full.o
 .debug_ranges  0x0000000000000090       0x50 ./Microsemi_Code/riscv_hal/init.o
 .debug_ranges  0x00000000000000e0       0x50 ./Microsemi_Code/riscv_hal/riscv_hal.o
 .debug_ranges  0x0000000000000130      0x230 ./Microsemi_Code/riscv_hal/riscv_hal_stubs.o
 .debug_ranges  0x0000000000000360       0xf0 ./Microsemi_Code/drivers/CoreUARTapb/uart.o
 .debug_ranges  0x0000000000000450       0x80 ./FreeRTOS_Source/portable/MemMang/heap_4.o
 .debug_ranges  0x00000000000004d0       0x40 ./FreeRTOS_Source/portable/GCC/RISC-V/port.o
 .debug_ranges  0x0000000000000510       0x60 ./FreeRTOS_Source/list.o
 .debug_ranges  0x0000000000000570      0x230 ./FreeRTOS_Source/queue.o
 .debug_ranges  0x00000000000007a0      0x3a0 ./FreeRTOS_Source/tasks.o
 .debug_ranges  0x0000000000000b40      0x180 ./FreeRTOS_Source/timers.o
 .debug_ranges  0x0000000000000cc0       0x90 ./main.o
 .debug_ranges  0x0000000000000d50       0x30 /home/hdg/MDP/ToolChain/RISCV-RV64IMA/lib/gcc/riscv64-unknown-elf/10.1.0/libgcc.a(_clzsi2.o)

.debug_macro    0x0000000000000000     0x17b2
 .debug_macro   0x0000000000000000      0x368 ./full_demo/main_full.o
 .debug_macro   0x0000000000000368       0x86 ./full_demo/main_full.o
 .debug_macro   0x00000000000003ee       0x10 ./full_demo/main_full.o
 .debug_macro   0x00000000000003fe      0x1cf ./Microsemi_Code/riscv_hal/init.o
 .debug_macro   0x00000000000005cd      0x262 ./Microsemi_Code/riscv_hal/riscv_hal.o
 .debug_macro   0x000000000000082f      0x151 ./Microsemi_Code/riscv_hal/riscv_hal_stubs.o
 .debug_macro   0x0000000000000980       0x10 ./Microsemi_Code/riscv_hal/riscv_hal_stubs.o
 .debug_macro   0x0000000000000990       0xcf ./Microsemi_Code/riscv_hal/riscv_hal_stubs.o
 .debug_macro   0x0000000000000a5f       0x20 ./Microsemi_Code/riscv_hal/riscv_hal_stubs.o
 .debug_macro   0x0000000000000a7f       0xb7 ./Microsemi_Code/riscv_hal/riscv_hal_stubs.o
 .debug_macro   0x0000000000000b36       0x24 ./Microsemi_Code/drivers/CoreUARTapb/uart.o
 .debug_macro   0x0000000000000b5a       0x10 ./Microsemi_Code/drivers/CoreUARTapb/uart.o
 .debug_macro   0x0000000000000b6a      0x1c6 ./FreeRTOS_Source/portable/MemMang/heap_4.o
 .debug_macro   0x0000000000000d30      0x107 ./FreeRTOS_Source/portable/GCC/RISC-V/port.o
 .debug_macro   0x0000000000000e37      0x19f ./FreeRTOS_Source/list.o
 .debug_macro   0x0000000000000fd6      0x22f ./FreeRTOS_Source/queue.o
 .debug_macro   0x0000000000001205      0x292 ./FreeRTOS_Source/tasks.o
 .debug_macro   0x0000000000001497       0x10 ./FreeRTOS_Source/tasks.o
 .debug_macro   0x00000000000014a7      0x1f4 ./FreeRTOS_Source/timers.o
 .debug_macro   0x000000000000169b      0x117 ./main.o

.debug_line     0x0000000000000000     0xa7ba
 .debug_line    0x0000000000000000      0xb37 ./full_demo/main_full.o
 .debug_line    0x0000000000000b37       0xa0 ./Microsemi_Code/riscv_hal/entry.o
 .debug_line    0x0000000000000bd7      0x41e ./Microsemi_Code/riscv_hal/init.o
 .debug_line    0x0000000000000ff5      0x732 ./Microsemi_Code/riscv_hal/riscv_hal.o
 .debug_line    0x0000000000001727      0x7d5 ./Microsemi_Code/riscv_hal/riscv_hal_stubs.o
 .debug_line    0x0000000000001efc      0x798 ./Microsemi_Code/drivers/CoreUARTapb/uart.o
 .debug_line    0x0000000000002694      0xb34 ./FreeRTOS_Source/portable/MemMang/heap_4.o
 .debug_line    0x00000000000031c8      0x5ad ./FreeRTOS_Source/portable/GCC/RISC-V/port.o
 .debug_line    0x0000000000003775      0x475 ./FreeRTOS_Source/portable/GCC/RISC-V/portASM.o
 .debug_line    0x0000000000003bea      0x7a5 ./FreeRTOS_Source/list.o
 .debug_line    0x000000000000438f     0x2086 ./FreeRTOS_Source/queue.o
 .debug_line    0x0000000000006415     0x2b0e ./FreeRTOS_Source/tasks.o
 .debug_line    0x0000000000008f23     0x10d1 ./FreeRTOS_Source/timers.o
 .debug_line    0x0000000000009ff4      0x68a ./main.o
 .debug_line    0x000000000000a67e       0xe9 /home/hdg/MDP/ToolChain/RISCV-RV64IMA/lib/gcc/riscv64-unknown-elf/10.1.0/libgcc.a(_clzsi2.o)
 .debug_line    0x000000000000a767       0x53 /home/hdg/MDP/ToolChain/RISCV-RV64IMA/lib/gcc/riscv64-unknown-elf/10.1.0/libgcc.a(_clz.o)

.debug_str      0x0000000000000000    0x118ac
 .debug_str     0x0000000000000000     0xd361 ./full_demo/main_full.o
                                       0xd557 (size before relaxing)
 .debug_str     0x000000000000d361       0x30 ./Microsemi_Code/riscv_hal/entry.o
                                         0xb8 (size before relaxing)
 .debug_str     0x000000000000d391     0x1177 ./Microsemi_Code/riscv_hal/init.o
                                       0x8764 (size before relaxing)
 .debug_str     0x000000000000e508      0x379 ./Microsemi_Code/riscv_hal/riscv_hal.o
                                       0xba03 (size before relaxing)
 .debug_str     0x000000000000e881      0x2f7 ./Microsemi_Code/riscv_hal/riscv_hal_stubs.o
                                       0x6112 (size before relaxing)
 .debug_str     0x000000000000eb78      0x1aa ./Microsemi_Code/drivers/CoreUARTapb/uart.o
                                       0x26a0 (size before relaxing)
 .debug_str     0x000000000000ed22      0x301 ./FreeRTOS_Source/portable/MemMang/heap_4.o
                                       0xae50 (size before relaxing)
 .debug_str     0x000000000000f023      0x1a6 ./FreeRTOS_Source/portable/GCC/RISC-V/port.o
                                       0x8544 (size before relaxing)
 .debug_str     0x000000000000f1c9       0x7f ./FreeRTOS_Source/portable/GCC/RISC-V/portASM.o
                                        0x113 (size before relaxing)
 .debug_str     0x000000000000f248      0x173 ./FreeRTOS_Source/list.o
                                       0xa673 (size before relaxing)
 .debug_str     0x000000000000f3bb      0x88b ./FreeRTOS_Source/queue.o
                                       0xbce0 (size before relaxing)
 .debug_str     0x000000000000fc46     0x1476 ./FreeRTOS_Source/tasks.o
                                       0xca39 (size before relaxing)
 .debug_str     0x00000000000110bc      0x5ca ./FreeRTOS_Source/timers.o
                                       0xc1fe (size before relaxing)
 .debug_str     0x0000000000011686       0x83 ./main.o
                                       0x8491 (size before relaxing)
 .debug_str     0x0000000000011709      0x1a3 /home/hdg/MDP/ToolChain/RISCV-RV64IMA/lib/gcc/riscv64-unknown-elf/10.1.0/libgcc.a(_clzsi2.o)
                                        0x24c (size before relaxing)
 .debug_str     0x00000000000118ac      0x22f /home/hdg/MDP/ToolChain/RISCV-RV64IMA/lib/gcc/riscv64-unknown-elf/10.1.0/libgcc.a(_clz.o)

.comment        0x0000000000000000       0x12
 .comment       0x0000000000000000       0x12 ./full_demo/main_full.o
                                         0x13 (size before relaxing)
 .comment       0x0000000000000012       0x13 ./Microsemi_Code/riscv_hal/init.o
 .comment       0x0000000000000012       0x13 ./Microsemi_Code/riscv_hal/riscv_hal.o
 .comment       0x0000000000000012       0x13 ./Microsemi_Code/riscv_hal/riscv_hal_stubs.o
 .comment       0x0000000000000012       0x13 ./Microsemi_Code/drivers/CoreUARTapb/uart.o
 .comment       0x0000000000000012       0x13 ./FreeRTOS_Source/portable/MemMang/heap_4.o
 .comment       0x0000000000000012       0x13 ./FreeRTOS_Source/portable/GCC/RISC-V/port.o
 .comment       0x0000000000000012       0x13 ./FreeRTOS_Source/list.o
 .comment       0x0000000000000012       0x13 ./FreeRTOS_Source/queue.o
 .comment       0x0000000000000012       0x13 ./FreeRTOS_Source/tasks.o
 .comment       0x0000000000000012       0x13 ./FreeRTOS_Source/timers.o
 .comment       0x0000000000000012       0x13 ./main.o
 .comment       0x0000000000000012       0x13 /home/hdg/MDP/ToolChain/RISCV-RV64IMA/lib/gcc/riscv64-unknown-elf/10.1.0/libgcc.a(_clzsi2.o)
 .comment       0x0000000000000012       0x13 /home/hdg/MDP/ToolChain/RISCV-RV64IMA/lib/gcc/riscv64-unknown-elf/10.1.0/libgcc.a(_clz.o)
 .comment       0x0000000000000012       0x13 /home/hdg/MDP/ToolChain/RISCV-RV64IMA/lib/gcc/riscv64-unknown-elf/10.1.0/../../../../riscv64-unknown-elf/lib/libc.a(lib_a-memcpy.o)

.riscv.attributes
                0x0000000000000000       0x26
 .riscv.attributes
                0x0000000000000000       0x26 ./full_demo/main_full.o
 .riscv.attributes
                0x0000000000000026       0x24 ./Microsemi_Code/riscv_hal/entry.o
 .riscv.attributes
                0x000000000000004a       0x26 ./Microsemi_Code/riscv_hal/init.o
 .riscv.attributes
                0x0000000000000070       0x26 ./Microsemi_Code/riscv_hal/riscv_hal.o
 .riscv.attributes
                0x0000000000000096       0x26 ./Microsemi_Code/riscv_hal/riscv_hal_stubs.o
 .riscv.attributes
                0x00000000000000bc       0x26 ./Microsemi_Code/drivers/CoreUARTapb/uart.o
 .riscv.attributes
                0x00000000000000e2       0x26 ./FreeRTOS_Source/portable/MemMang/heap_4.o
 .riscv.attributes
                0x0000000000000108       0x26 ./FreeRTOS_Source/portable/GCC/RISC-V/port.o
 .riscv.attributes
                0x000000000000012e       0x24 ./FreeRTOS_Source/portable/GCC/RISC-V/portASM.o
 .riscv.attributes
                0x0000000000000152       0x26 ./FreeRTOS_Source/list.o
 .riscv.attributes
                0x0000000000000178       0x26 ./FreeRTOS_Source/queue.o
 .riscv.attributes
                0x000000000000019e       0x26 ./FreeRTOS_Source/tasks.o
 .riscv.attributes
                0x00000000000001c4       0x26 ./FreeRTOS_Source/timers.o
 .riscv.attributes
                0x00000000000001ea       0x26 ./main.o
 .riscv.attributes
                0x0000000000000210       0x26 /home/hdg/MDP/ToolChain/RISCV-RV64IMA/lib/gcc/riscv64-unknown-elf/10.1.0/libgcc.a(_clzsi2.o)
 .riscv.attributes
                0x0000000000000236       0x26 /home/hdg/MDP/ToolChain/RISCV-RV64IMA/lib/gcc/riscv64-unknown-elf/10.1.0/libgcc.a(_clz.o)
 .riscv.attributes
                0x000000000000025c       0x26 /home/hdg/MDP/ToolChain/RISCV-RV64IMA/lib/gcc/riscv64-unknown-elf/10.1.0/../../../../riscv64-unknown-elf/lib/libc.a(lib_a-memcpy.o)
 .riscv.attributes
                0x0000000000000282       0x24 /home/hdg/MDP/ToolChain/RISCV-RV64IMA/lib/gcc/riscv64-unknown-elf/10.1.0/../../../../riscv64-unknown-elf/lib/libc.a(lib_a-memset.o)

.debug_frame    0x0000000000000000     0x2658
 .debug_frame   0x0000000000000000      0x170 ./full_demo/main_full.o
 .debug_frame   0x0000000000000170       0xd0 ./Microsemi_Code/riscv_hal/init.o
 .debug_frame   0x0000000000000240       0xd0 ./Microsemi_Code/riscv_hal/riscv_hal.o
 .debug_frame   0x0000000000000310      0x668 ./Microsemi_Code/riscv_hal/riscv_hal_stubs.o
 .debug_frame   0x0000000000000978      0x2b0 ./Microsemi_Code/drivers/CoreUARTapb/uart.o
 .debug_frame   0x0000000000000c28      0x160 ./FreeRTOS_Source/portable/MemMang/heap_4.o
 .debug_frame   0x0000000000000d88       0x98 ./FreeRTOS_Source/portable/GCC/RISC-V/port.o
 .debug_frame   0x0000000000000e20      0x100 ./FreeRTOS_Source/list.o
 .debug_frame   0x0000000000000f20      0x680 ./FreeRTOS_Source/queue.o
 .debug_frame   0x00000000000015a0      0xab8 ./FreeRTOS_Source/tasks.o
 .debug_frame   0x0000000000002058      0x458 ./FreeRTOS_Source/timers.o
 .debug_frame   0x00000000000024b0      0x180 ./main.o
 .debug_frame   0x0000000000002630       0x28 /home/hdg/MDP/ToolChain/RISCV-RV64IMA/lib/gcc/riscv64-unknown-elf/10.1.0/libgcc.a(_clzsi2.o)

.debug_loc      0x0000000000000000       0xaa
 .debug_loc     0x0000000000000000       0xaa /home/hdg/MDP/ToolChain/RISCV-RV64IMA/lib/gcc/riscv64-unknown-elf/10.1.0/libgcc.a(_clzsi2.o)
